\BOOKMARK [1][-]{section.1}{Introduction}{}% 1
\BOOKMARK [1][-]{section.2}{The\040mousik\040environment}{}% 2
\BOOKMARK [2][-]{subsection.2.1}{Ending\040a\040line:\040bars}{section.2}% 3
\BOOKMARK [2][-]{subsection.2.2}{The\040"026E30F\040Space\040command}{section.2}% 4
\BOOKMARK [1][-]{section.3}{Common\040symbols}{}% 5
\BOOKMARK [2][-]{subsection.3.1}{The\040"026E30F\040Clef\040command}{section.3}% 6
\BOOKMARK [2][-]{subsection.3.2}{The\040"026E30F\040TimeS\040command}{section.3}% 7
\BOOKMARK [2][-]{subsection.3.3}{Notes\040and\040rests}{section.3}% 8
\BOOKMARK [3][-]{subsubsection.3.3.1}{The\040"026E30F\040Note\040command}{subsection.3.3}% 9
\BOOKMARK [3][-]{subsubsection.3.3.2}{The\040"026E30F\040PolyNote\040command}{subsection.3.3}% 10
\BOOKMARK [3][-]{subsubsection.3.3.3}{The\040"026E30F\040Rest\040command}{subsection.3.3}% 11
\BOOKMARK [3][-]{subsubsection.3.3.4}{The\040"026E30F\040Dot\040command}{subsection.3.3}% 12
\BOOKMARK [3][-]{subsubsection.3.3.5}{The\040"026E30F\040Chord\040command}{subsection.3.3}% 13
\BOOKMARK [2][-]{subsection.3.4}{The\040"026E30F\040Acc\040command}{section.3}% 14
\BOOKMARK [2][-]{subsection.3.5}{The\040"026E30F\040Key\040command}{section.3}% 15
\BOOKMARK [2][-]{subsection.3.6}{The\040"026E30F\040NoKey\040command}{section.3}% 16
\BOOKMARK [2][-]{subsection.3.7}{The\040"026E30F\040Text\040command}{section.3}% 17
\BOOKMARK [1][-]{section.4}{Common\040errors}{}% 18
\BOOKMARK [2][-]{subsection.4.1}{Overflow\040of\040lines}{section.4}% 19
\BOOKMARK [1][-]{section.5}{The\040package\040code}{}% 20
