This is XeTeX, Version 3.14159265-2.6-0.99998 (TeX Live 2017) (preloaded format=xelatex 2020.6.4)  23 JUN 2020 14:27
entering extended mode
 restricted \write18 enabled.
 %&-line parsing enabled.
**main.tex
(./main.tex
LaTeX2e <2017-04-15>
Babel <3.9r> and hyphenation patterns for 4 language(s) loaded.
(/usr/share/texlive/texmf-dist/tex/latex/base/article.cls
Document Class: article 2014/09/29 v1.4h Standard LaTeX document class
(/usr/share/texlive/texmf-dist/tex/latex/base/size10.clo
File: size10.clo 2014/09/29 v1.4h Standard LaTeX file (size option)
)
\c@part=\count79
\c@section=\count80
\c@subsection=\count81
\c@subsubsection=\count82
\c@paragraph=\count83
\c@subparagraph=\count84
\c@figure=\count85
\c@table=\count86
\abovecaptionskip=\skip41
\belowcaptionskip=\skip42
\bibindent=\dimen102
)
(/usr/share/texlive/texmf-dist/tex/latex/listings/listings.sty
(/usr/share/texlive/texmf-dist/tex/latex/graphics/keyval.sty
Package: keyval 2014/10/28 v1.15 key=value parser (DPC)
\KV@toks@=\toks14
)
\lst@mode=\count87
\lst@gtempboxa=\box26
\lst@token=\toks15
\lst@length=\count88
\lst@currlwidth=\dimen103
\lst@column=\count89
\lst@pos=\count90
\lst@lostspace=\dimen104
\lst@width=\dimen105
\lst@newlines=\count91
\lst@lineno=\count92
\lst@maxwidth=\dimen106

(/usr/share/texlive/texmf-dist/tex/latex/listings/lstmisc.sty
File: lstmisc.sty 2015/06/04 1.6 (Carsten Heinz)
\c@lstnumber=\count93
\lst@skipnumbers=\count94
\lst@framebox=\box27
)
(/usr/share/texlive/texmf-dist/tex/latex/listings/listings.cfg
File: listings.cfg 2015/06/04 1.6 listings configuration
))
Package: listings 2015/06/04 1.6 (Carsten Heinz)

(/usr/share/texlive/texmf-dist/tex/latex/hyperref/hyperref.sty
Package: hyperref 2018/02/06 v6.86b Hypertext links for LaTeX

(/usr/share/texlive/texmf-dist/tex/generic/oberdiek/hobsub-hyperref.sty
Package: hobsub-hyperref 2016/05/16 v1.14 Bundle oberdiek, subset hyperref (HO)


(/usr/share/texlive/texmf-dist/tex/generic/oberdiek/hobsub-generic.sty
Package: hobsub-generic 2016/05/16 v1.14 Bundle oberdiek, subset generic (HO)
Package: hobsub 2016/05/16 v1.14 Construct package bundles (HO)
Package: infwarerr 2016/05/16 v1.4 Providing info/warning/error messages (HO)
Package: ltxcmds 2016/05/16 v1.23 LaTeX kernel commands for general use (HO)
Package: ifluatex 2016/05/16 v1.4 Provides the ifluatex switch (HO)
Package ifluatex Info: LuaTeX not detected.
Package: ifvtex 2016/05/16 v1.6 Detect VTeX and its facilities (HO)
Package ifvtex Info: VTeX not detected.
Package: intcalc 2016/05/16 v1.2 Expandable calculations with integers (HO)
Package: ifpdf 2017/03/15 v3.2 Provides the ifpdf switch
Package: etexcmds 2016/05/16 v1.6 Avoid name clashes with e-TeX commands (HO)
Package etexcmds Info: Could not find \expanded.
(etexcmds)             That can mean that you are not using pdfTeX 1.50 or
(etexcmds)             that some package has redefined \expanded.
(etexcmds)             In the latter case, load this package earlier.
Package: kvsetkeys 2016/05/16 v1.17 Key value parser (HO)
Package: kvdefinekeys 2016/05/16 v1.4 Define keys (HO)
Package: pdftexcmds 2017/03/19 v0.25 Utility functions of pdfTeX for LuaTeX (HO
)
Package pdftexcmds Info: LuaTeX not detected.
Package pdftexcmds Info: pdfTeX >= 1.30 not detected.
Package pdftexcmds Info: \pdf@primitive is available.
Package pdftexcmds Info: \pdf@ifprimitive is available.
Package pdftexcmds Info: \pdfdraftmode not found.
Package: pdfescape 2016/05/16 v1.14 Implements pdfTeX's escape features (HO)
Package: bigintcalc 2016/05/16 v1.4 Expandable calculations on big integers (HO
)
Package: bitset 2016/05/16 v1.2 Handle bit-vector datatype (HO)
Package: uniquecounter 2016/05/16 v1.3 Provide unlimited unique counter (HO)
)
Package hobsub Info: Skipping package `hobsub' (already loaded).
Package: letltxmacro 2016/05/16 v1.5 Let assignment for LaTeX macros (HO)
Package: hopatch 2016/05/16 v1.3 Wrapper for package hooks (HO)
Package: xcolor-patch 2016/05/16 xcolor patch
Package: atveryend 2016/05/16 v1.9 Hooks at the very end of document (HO)
Package atveryend Info: \enddocument detected (standard20110627).
Package: atbegshi 2016/06/09 v1.18 At begin shipout hook (HO)
Package: refcount 2016/05/16 v3.5 Data extraction from label references (HO)
Package: hycolor 2016/05/16 v1.8 Color options for hyperref/bookmark (HO)
)
(/usr/share/texlive/texmf-dist/tex/generic/ifxetex/ifxetex.sty
Package: ifxetex 2010/09/12 v0.6 Provides ifxetex conditional
)
(/usr/share/texlive/texmf-dist/tex/latex/oberdiek/auxhook.sty
Package: auxhook 2016/05/16 v1.4 Hooks for auxiliary files (HO)
)
(/usr/share/texlive/texmf-dist/tex/latex/oberdiek/kvoptions.sty
Package: kvoptions 2016/05/16 v3.12 Key value format for package options (HO)
)
\@linkdim=\dimen107
\Hy@linkcounter=\count95
\Hy@pagecounter=\count96

(/usr/share/texlive/texmf-dist/tex/latex/hyperref/pd1enc.def
File: pd1enc.def 2018/02/06 v6.86b Hyperref: PDFDocEncoding definition (HO)
)
\Hy@SavedSpaceFactor=\count97

(/usr/share/texlive/texmf-dist/tex/latex/latexconfig/hyperref.cfg
File: hyperref.cfg 2002/06/06 v1.2 hyperref configuration of TeXLive
)
Package hyperref Info: Hyper figures OFF on input line 4509.
Package hyperref Info: Link nesting OFF on input line 4514.
Package hyperref Info: Hyper index ON on input line 4517.
Package hyperref Info: Plain pages OFF on input line 4524.
Package hyperref Info: Backreferencing OFF on input line 4529.
Package hyperref Info: Implicit mode ON; LaTeX internals redefined.
Package hyperref Info: Bookmarks ON on input line 4762.
\c@Hy@tempcnt=\count98

(/usr/share/texlive/texmf-dist/tex/latex/url/url.sty
\Urlmuskip=\muskip10
Package: url 2013/09/16  ver 3.4  Verb mode for urls, etc.
)
LaTeX Info: Redefining \url on input line 5115.
\XeTeXLinkMargin=\dimen108
\Fld@menulength=\count99
\Field@Width=\dimen109
\Fld@charsize=\dimen110
Package hyperref Info: Hyper figures OFF on input line 6369.
Package hyperref Info: Link nesting OFF on input line 6374.
Package hyperref Info: Hyper index ON on input line 6377.
Package hyperref Info: backreferencing OFF on input line 6384.
Package hyperref Info: Link coloring OFF on input line 6389.
Package hyperref Info: Link coloring with OCG OFF on input line 6394.
Package hyperref Info: PDF/A mode OFF on input line 6399.
LaTeX Info: Redefining \ref on input line 6439.
LaTeX Info: Redefining \pageref on input line 6443.
\Hy@abspage=\count100
\c@Item=\count101
\c@Hfootnote=\count102
)
Package hyperref Info: Driver (autodetected): hxetex.

(/usr/share/texlive/texmf-dist/tex/latex/hyperref/hxetex.def
File: hxetex.def 2018/02/06 v6.86b Hyperref driver for XeTeX

(/usr/share/texlive/texmf-dist/tex/latex/hyperref/puenc.def
File: puenc.def 2018/02/06 v6.86b Hyperref: PDF Unicode definition (HO)
)
(/usr/share/texlive/texmf-dist/tex/generic/oberdiek/stringenc.sty
Package: stringenc 2016/05/16 v1.11 Convert strings between diff. encodings (HO
)
)
\pdfm@box=\box28
\c@Hy@AnnotLevel=\count103
\HyField@AnnotCount=\count104
\Fld@listcount=\count105
\c@bookmark@seq@number=\count106

(/usr/share/texlive/texmf-dist/tex/latex/oberdiek/rerunfilecheck.sty
Package: rerunfilecheck 2016/05/16 v1.8 Rerun checks for auxiliary files (HO)
Package rerunfilecheck Info: Feature \pdfmdfivesum is not available
(rerunfilecheck)             (e.g. pdfTeX or LuaTeX with package `pdftexcmds').

(rerunfilecheck)             Therefore file contents cannot be checked efficien
tly
(rerunfilecheck)             and the loading of the package is aborted.
)
\Hy@SectionHShift=\skip43
)
(/usr/share/texlive/texmf-dist/tex/latex/tools/multicol.sty
Package: multicol 2016/04/07 v1.8p multicolumn formatting (FMi)
\c@tracingmulticols=\count107
\mult@box=\box29
\multicol@leftmargin=\dimen111
\c@unbalance=\count108
\c@collectmore=\count109
\doublecol@number=\count110
\multicoltolerance=\count111
\multicolpretolerance=\count112
\full@width=\dimen112
\page@free=\dimen113
\premulticols=\dimen114
\postmulticols=\dimen115
\multicolsep=\skip44
\multicolbaselineskip=\skip45
\partial@page=\box30
\last@line=\box31
\maxbalancingoverflow=\dimen116
\mult@rightbox=\box32
\mult@grightbox=\box33
\mult@gfirstbox=\box34
\mult@firstbox=\box35
\@tempa=\box36
\@tempa=\box37
\@tempa=\box38
\@tempa=\box39
\@tempa=\box40
\@tempa=\box41
\@tempa=\box42
\@tempa=\box43
\@tempa=\box44
\@tempa=\box45
\@tempa=\box46
\@tempa=\box47
\@tempa=\box48
\@tempa=\box49
\@tempa=\box50
\@tempa=\box51
\@tempa=\box52
\c@columnbadness=\count113
\c@finalcolumnbadness=\count114
\last@try=\dimen117
\multicolovershoot=\dimen118
\multicolundershoot=\dimen119
\mult@nat@firstbox=\box53
\colbreak@box=\box54
\mc@col@check@num=\count115
)
(/usr/share/texlive/texmf-dist/tex/latex/parskip/parskip.sty
Package: parskip 2001/04/09 non-zero parskip adjustments
) (./mousik.sty
(/usr/share/texlive/texmf-dist/tex/latex/leadsheets/leadsheets.sty
(/usr/share/texlive/texmf-dist/tex/latex/l3kernel/expl3.sty
Package: expl3 2016/05/18 v6512 L3 programming layer (loader) 

(/usr/share/texlive/texmf-dist/tex/latex/l3kernel/expl3-code.tex
Package: expl3 2016/05/18 v6512 L3 programming layer (code)
L3 Module: l3bootstrap 2016/02/12 v6412 L3 Bootstrap code
L3 Module: l3names 2016/03/11 v6433 L3 Namespace for primitives
L3 Module: l3basics 2015/11/22 v6315 L3 Basic definitions
L3 Module: l3expan 2015/09/10 v5983 L3 Argument expansion
L3 Module: l3tl 2016/03/26 v6465 L3 Token lists
L3 Module: l3str 2016/03/24 v6441 L3 Strings
L3 Module: l3seq 2015/08/05 v5777 L3 Sequences and stacks
L3 Module: l3int 2016/03/24 v6441 L3 Integers
\c_max_int=\count116
\l_tmpa_int=\count117
\l_tmpb_int=\count118
\g_tmpa_int=\count119
\g_tmpb_int=\count120
L3 Module: l3quark 2015/08/17 v5855 L3 Quarks
L3 Module: l3prg 2015/11/01 v6216 L3 Control structures
\g__prg_map_int=\count121
L3 Module: l3clist 2015/09/02 v5901 L3 Comma separated lists
L3 Module: l3token 2016/04/03 v6470 L3 Experimental token manipulation
L3 Module: l3prop 2016/01/05 v6366 L3 Property lists
L3 Module: l3msg 2016/03/26 v6464 L3 Messages
L3 Module: l3file 2016/03/25 v6458 L3 File and I/O operations
\l_iow_line_count_int=\count122
\l__iow_target_count_int=\count123
\l__iow_current_line_int=\count124
\l__iow_current_word_int=\count125
\l__iow_current_indentation_int=\count126
L3 Module: l3skip 2016/01/05 v6366 L3 Dimensions and skips
\c_zero_dim=\dimen120
\c_max_dim=\dimen121
\l_tmpa_dim=\dimen122
\l_tmpb_dim=\dimen123
\g_tmpa_dim=\dimen124
\g_tmpb_dim=\dimen125
\c_zero_skip=\skip46
\c_max_skip=\skip47
\l_tmpa_skip=\skip48
\l_tmpb_skip=\skip49
\g_tmpa_skip=\skip50
\g_tmpb_skip=\skip51
\c_zero_muskip=\muskip11
\c_max_muskip=\muskip12
\l_tmpa_muskip=\muskip13
\l_tmpb_muskip=\muskip14
\g_tmpa_muskip=\muskip15
\g_tmpb_muskip=\muskip16
L3 Module: l3keys 2015/11/17 v6284 L3 Key-value interfaces
\g__keyval_level_int=\count127
\l_keys_choice_int=\count128
L3 Module: l3fp 2016/03/26 v6465 L3 Floating points
\c__fp_leading_shift_int=\count129
\c__fp_middle_shift_int=\count130
\c__fp_trailing_shift_int=\count131
\c__fp_big_leading_shift_int=\count132
\c__fp_big_middle_shift_int=\count133
\c__fp_big_trailing_shift_int=\count134
\c__fp_Bigg_leading_shift_int=\count135
\c__fp_Bigg_middle_shift_int=\count136
\c__fp_Bigg_trailing_shift_int=\count137
L3 Module: l3box 2015/08/09 v5822 L3 Experimental boxes
\c_empty_box=\box55
\l_tmpa_box=\box56
\l_tmpb_box=\box57
\g_tmpa_box=\box58
\g_tmpb_box=\box59
L3 Module: l3coffins 2016/05/17 v6508 L3 Coffin code layer
\l__coffin_internal_box=\box60
\l__coffin_internal_dim=\dimen126
\l__coffin_offset_x_dim=\dimen127
\l__coffin_offset_y_dim=\dimen128
\l__coffin_x_dim=\dimen129
\l__coffin_y_dim=\dimen130
\l__coffin_x_prime_dim=\dimen131
\l__coffin_y_prime_dim=\dimen132
\c_empty_coffin=\box61
\l__coffin_aligned_coffin=\box62
\l__coffin_aligned_internal_coffin=\box63
\l_tmpa_coffin=\box64
\l_tmpb_coffin=\box65
\l__coffin_display_coffin=\box66
\l__coffin_display_coord_coffin=\box67
\l__coffin_display_pole_coffin=\box68
\l__coffin_display_offset_dim=\dimen133
\l__coffin_display_x_dim=\dimen134
\l__coffin_display_y_dim=\dimen135
L3 Module: l3color 2014/08/23 v5354 L3 Experimental color support
L3 Module: l3sys 2015/09/25 v6087 L3 Experimental system/runtime functions
L3 Module: l3candidates 2016/05/13 v6484 L3 Experimental additions to l3kernel
\l__box_top_dim=\dimen136
\l__box_bottom_dim=\dimen137
\l__box_left_dim=\dimen138
\l__box_right_dim=\dimen139
\l__box_top_new_dim=\dimen140
\l__box_bottom_new_dim=\dimen141
\l__box_left_new_dim=\dimen142
\l__box_right_new_dim=\dimen143
\l__box_internal_box=\box69
\l__coffin_bounding_shift_dim=\dimen144
\l__coffin_left_corner_dim=\dimen145
\l__coffin_right_corner_dim=\dimen146
\l__coffin_bottom_corner_dim=\dimen147
\l__coffin_top_corner_dim=\dimen148
\l__coffin_scaled_total_height_dim=\dimen149
\l__coffin_scaled_width_dim=\dimen150
L3 Module: l3luatex 2016/03/26 v6465 L3 Experimental LuaTeX-specific functions
)
(/usr/share/texlive/texmf-dist/tex/latex/l3kernel/l3xdvipdfmx.def
File: l3xdvidpfmx.def 2016/03/26 v6465 L3 Experimental driver: xdvipdfmx
\l__driver_tmp_box=\box70
))
(/usr/share/texlive/texmf-dist/tex/latex/l3packages/l3keys2e/l3keys2e.sty
Package: l3keys2e 2016/05/18 v6512 LaTeX2e option processing using LaTeX3 keys
)
(/usr/share/texlive/texmf-dist/tex/latex/l3packages/xparse/xparse.sty
Package: xparse 2016/05/18 v6512 L3 Experimental document command parser
\l__xparse_current_arg_int=\count138
\l__xparse_m_args_int=\count139
\l__xparse_mandatory_args_int=\count140
\l__xparse_processor_int=\count141
\l__xparse_v_nesting_int=\count142
)
(/usr/share/texlive/texmf-dist/tex/latex/translations/translations.sty
Package: translations 2016/06/02 v1.4a internationalization of LaTeX2e packages
 (CN)

(/usr/share/texlive/texmf-dist/tex/latex/cnltx/cnltx-base.sty
Package: cnltx-base 2015/08/17 v0.13 LaTeX tools and documenting facilities (CN
)

(/usr/share/texlive/texmf-dist/tex/latex/pgfopts/pgfopts.sty
Package: pgfopts 2014/07/10 v2.1a LaTeX package options with pgfkeys

(/usr/share/texlive/texmf-dist/tex/latex/pgf/utilities/pgfkeys.sty
(/usr/share/texlive/texmf-dist/tex/generic/pgf/utilities/pgfkeys.code.tex
\pgfkeys@pathtoks=\toks16
\pgfkeys@temptoks=\toks17

(/usr/share/texlive/texmf-dist/tex/generic/pgf/utilities/pgfkeysfiltered.code.t
ex
\pgfkeys@tmptoks=\toks18
)))
\pgfopts@list@add@a@toks=\toks19
\pgfopts@list@add@b@toks=\toks20
) (/usr/share/texlive/texmf-dist/tex/latex/etoolbox/etoolbox.sty
Package: etoolbox 2015/08/02 v2.2a e-TeX tools for LaTeX (JAW)
\etb@tempcnta=\count143
)
\c@cnltx@tmpa=\count144
\c@cnltx@tmpb=\count145
\c@cnltx@tmpc=\count146
\cnltx@tmpa@length=\skip52
\cnltx@tmpb@length=\skip53
\cnltx@tmpc@length=\skip54

(/usr/share/texlive/texmf-dist/tex/latex/xcolor/xcolor.sty
Package: xcolor 2016/05/11 v2.12 LaTeX color extensions (UK)

(/usr/share/texlive/texmf-dist/tex/latex/graphics-cfg/color.cfg
File: color.cfg 2016/01/02 v1.6 sample color configuration
)
Package xcolor Info: Driver file: xetex.def on input line 225.

(/usr/share/texlive/texmf-dist/tex/xelatex/xetex-def/xetex.def
File: xetex.def 2016/04/06 v4.08 LaTeX color/graphics driver for XeTeX (TeX Liv
e/RRM/JK)
)
Package xcolor Info: Model `cmy' substituted by `cmy0' on input line 1348.
Package xcolor Info: Model `RGB' extended on input line 1364.
Package xcolor Info: Model `HTML' substituted by `rgb' on input line 1366.
Package xcolor Info: Model `Hsb' substituted by `hsb' on input line 1367.
Package xcolor Info: Model `tHsb' substituted by `hsb' on input line 1368.
Package xcolor Info: Model `HSB' substituted by `hsb' on input line 1369.
Package xcolor Info: Model `Gray' substituted by `gray' on input line 1370.
Package xcolor Info: Model `wave' substituted by `hsb' on input line 1371.
)
(/usr/share/texlive/texmf-dist/tex/latex/trimspaces/trimspaces.sty
Package: trimspaces 2009/09/17 v1.1 Trim spaces around a token list
))
(/usr/share/texlive/texmf-dist/tex/latex/koma-script/scrlfile.sty
Package: scrlfile 2016/06/14 v3.21 KOMA-Script package (loading files)

Package scrlfile, 2016/06/14 v3.21 KOMA-Script package (loading files)
                  Copyright (C) Markus Kohm

))
Package: leadsheets 2016/02/02 v0.3a Typesettingleadsheetsandsongbooks (CN)
\l__leadsheets_tmpa_dim=\dimen151
\l__leadsheets_tmpa_int=\count147
\l__leadsheets_tmpb_int=\count148
\l__leadsheets_tmpc_int=\count149
\l__leadsheets_tmpa_box=\box71
.................................................
. LaTeX info: "xparse/define-command"
. 
. Defining command \LeadsheetsExplLibrary with sig. 'mm' on line 133.
.................................................
.................................................
. LaTeX info: "xparse/define-command"
. 
. Defining command \LeadsheetsLibrary with sig. 'mm' on line 136.
.................................................
.................................................
. LaTeX info: "xparse/define-command"
. 
. Defining command \useleadsheetslibraries with sig. 'm' on line 141.
.................................................
.................................................
. LaTeX info: "xparse/define-command"
. 
. Defining command \useleadsheetslibrary with sig. 'm' on line 144.
.................................................
.................................................
. LaTeX info: "xparse/define-command"
. 
. Defining command \setleadsheets with sig. 'm' on line 149.
.................................................
)
\g__file_internal_ior=\read1
(leadsheets)    Loading library `musicsymbols'...

(/usr/share/texlive/texmf-dist/tex/latex/leadsheets/leadsheets.library.musicsym
bols.code.tex
File: leadsheets.library.musicsymbols.code.tex 2016/02/02 v0.3a leadsheets libr
ary `musicsymbols' 2015/07/13 musical symbols
\leadsheets@barheight=\skip55
) (/usr/share/texlive/texmf-dist/tex/latex/harmony/harmony.sty
Package: harmony 2007/05/04

(/usr/share/texlive/texmf-dist/tex/latex/base/ifthen.sty
Package: ifthen 2014/09/29 v1.1c Standard LaTeX ifthen package (DPC)
)
(/usr/share/texlive/texmf-dist/tex/latex/amsfonts/amssymb.sty
Package: amssymb 2013/01/14 v3.01 AMS font symbols

(/usr/share/texlive/texmf-dist/tex/latex/amsfonts/amsfonts.sty
Package: amsfonts 2013/01/14 v3.01 Basic AMSFonts support
\@emptytoks=\toks21
\symAMSa=\mathgroup4
\symAMSb=\mathgroup5
LaTeX Font Info:    Overwriting math alphabet `\mathfrak' in version `bold'
(Font)                  U/euf/m/n --> U/euf/b/n on input line 106.
))
\tmpdima=\dimen152
\tmpdimb=\dimen153
\tmpdimc=\dimen154
\tmpdimd=\dimen155
\tmpdime=\dimen156
\nbxa=\box72
\nbxb=\box73
\nbxc=\box74
\nbxd=\box75
\nbxe=\box76
\nbxf=\box77
\nbxg=\box78
\nbxh=\box79
\nbxi=\box80
)
(/usr/share/texlive/texmf-dist/tex/latex/pgf/frontendlayer/tikz.sty
(/usr/share/texlive/texmf-dist/tex/latex/pgf/basiclayer/pgf.sty
(/usr/share/texlive/texmf-dist/tex/latex/pgf/utilities/pgfrcs.sty
(/usr/share/texlive/texmf-dist/tex/generic/pgf/utilities/pgfutil-common.tex
\pgfutil@everybye=\toks22
\pgfutil@tempdima=\dimen157
\pgfutil@tempdimb=\dimen158

(/usr/share/texlive/texmf-dist/tex/generic/pgf/utilities/pgfutil-common-lists.t
ex)) (/usr/share/texlive/texmf-dist/tex/generic/pgf/utilities/pgfutil-latex.def
\pgfutil@abb=\box81
(/usr/share/texlive/texmf-dist/tex/latex/ms/everyshi.sty
Package: everyshi 2001/05/15 v3.00 EveryShipout Package (MS)
))
(/usr/share/texlive/texmf-dist/tex/generic/pgf/utilities/pgfrcs.code.tex
Package: pgfrcs 2015/08/07 v3.0.1a (rcs-revision 1.31)
))
Package: pgf 2015/08/07 v3.0.1a (rcs-revision 1.15)

(/usr/share/texlive/texmf-dist/tex/latex/pgf/basiclayer/pgfcore.sty
(/usr/share/texlive/texmf-dist/tex/latex/graphics/graphicx.sty
Package: graphicx 2014/10/28 v1.0g Enhanced LaTeX Graphics (DPC,SPQR)

(/usr/share/texlive/texmf-dist/tex/latex/graphics/graphics.sty
Package: graphics 2016/05/09 v1.0r Standard LaTeX Graphics (DPC,SPQR)

(/usr/share/texlive/texmf-dist/tex/latex/graphics/trig.sty
Package: trig 2016/01/03 v1.10 sin cos tan (DPC)
)
(/usr/share/texlive/texmf-dist/tex/latex/graphics-cfg/graphics.cfg
File: graphics.cfg 2016/01/02 v1.10 sample graphics configuration
)
Package graphics Info: Driver file: xetex.def on input line 96.
)
\Gin@req@height=\dimen159
\Gin@req@width=\dimen160
)
(/usr/share/texlive/texmf-dist/tex/latex/pgf/systemlayer/pgfsys.sty
(/usr/share/texlive/texmf-dist/tex/generic/pgf/systemlayer/pgfsys.code.tex
Package: pgfsys 2014/07/09 v3.0.1a (rcs-revision 1.48)

(/usr/share/texlive/texmf-dist/tex/generic/pgf/utilities/pgfkeys.code.tex)
\pgf@x=\dimen161
\pgf@y=\dimen162
\pgf@xa=\dimen163
\pgf@ya=\dimen164
\pgf@xb=\dimen165
\pgf@yb=\dimen166
\pgf@xc=\dimen167
\pgf@yc=\dimen168
\w@pgf@writea=\write3
\r@pgf@reada=\read2
\c@pgf@counta=\count150
\c@pgf@countb=\count151
\c@pgf@countc=\count152
\c@pgf@countd=\count153
\t@pgf@toka=\toks23
\t@pgf@tokb=\toks24
\t@pgf@tokc=\toks25

(/usr/share/texlive/texmf-dist/tex/generic/pgf/systemlayer/pgf.cfg
File: pgf.cfg 2008/05/14  (rcs-revision 1.7)
)
Driver file for pgf: pgfsys-xetex.def

(/usr/share/texlive/texmf-dist/tex/generic/pgf/systemlayer/pgfsys-xetex.def
File: pgfsys-xetex.def 2014/07/09  (rcs-revision 1.11)

(/usr/share/texlive/texmf-dist/tex/generic/pgf/systemlayer/pgfsys-dvipdfmx.def
File: pgfsys-dvipdfmx.def 2014/07/09  (rcs-revision 1.14)

(/usr/share/texlive/texmf-dist/tex/generic/pgf/systemlayer/pgfsys-common-pdf.de
f
File: pgfsys-common-pdf.def 2013/10/10  (rcs-revision 1.13)
)
\pgfsys@objnum=\count154
)))
(/usr/share/texlive/texmf-dist/tex/generic/pgf/systemlayer/pgfsyssoftpath.code.
tex
File: pgfsyssoftpath.code.tex 2013/09/09  (rcs-revision 1.9)
\pgfsyssoftpath@smallbuffer@items=\count155
\pgfsyssoftpath@bigbuffer@items=\count156
)
(/usr/share/texlive/texmf-dist/tex/generic/pgf/systemlayer/pgfsysprotocol.code.
tex
File: pgfsysprotocol.code.tex 2006/10/16  (rcs-revision 1.4)
))
(/usr/share/texlive/texmf-dist/tex/generic/pgf/basiclayer/pgfcore.code.tex
Package: pgfcore 2010/04/11 v3.0.1a (rcs-revision 1.7)

(/usr/share/texlive/texmf-dist/tex/generic/pgf/math/pgfmath.code.tex
(/usr/share/texlive/texmf-dist/tex/generic/pgf/math/pgfmathcalc.code.tex
(/usr/share/texlive/texmf-dist/tex/generic/pgf/math/pgfmathutil.code.tex)
(/usr/share/texlive/texmf-dist/tex/generic/pgf/math/pgfmathparser.code.tex
\pgfmath@dimen=\dimen169
\pgfmath@count=\count157
\pgfmath@box=\box82
\pgfmath@toks=\toks26
\pgfmath@stack@operand=\toks27
\pgfmath@stack@operation=\toks28
)
(/usr/share/texlive/texmf-dist/tex/generic/pgf/math/pgfmathfunctions.code.tex
(/usr/share/texlive/texmf-dist/tex/generic/pgf/math/pgfmathfunctions.basic.code
.tex)
(/usr/share/texlive/texmf-dist/tex/generic/pgf/math/pgfmathfunctions.trigonomet
ric.code.tex)
(/usr/share/texlive/texmf-dist/tex/generic/pgf/math/pgfmathfunctions.random.cod
e.tex)
(/usr/share/texlive/texmf-dist/tex/generic/pgf/math/pgfmathfunctions.comparison
.code.tex)
(/usr/share/texlive/texmf-dist/tex/generic/pgf/math/pgfmathfunctions.base.code.
tex)
(/usr/share/texlive/texmf-dist/tex/generic/pgf/math/pgfmathfunctions.round.code
.tex)
(/usr/share/texlive/texmf-dist/tex/generic/pgf/math/pgfmathfunctions.misc.code.
tex)
(/usr/share/texlive/texmf-dist/tex/generic/pgf/math/pgfmathfunctions.integerari
thmetics.code.tex)))
(/usr/share/texlive/texmf-dist/tex/generic/pgf/math/pgfmathfloat.code.tex
\c@pgfmathroundto@lastzeros=\count158
))
(/usr/share/texlive/texmf-dist/tex/generic/pgf/basiclayer/pgfcorepoints.code.te
x
File: pgfcorepoints.code.tex 2013/10/07  (rcs-revision 1.27)
\pgf@picminx=\dimen170
\pgf@picmaxx=\dimen171
\pgf@picminy=\dimen172
\pgf@picmaxy=\dimen173
\pgf@pathminx=\dimen174
\pgf@pathmaxx=\dimen175
\pgf@pathminy=\dimen176
\pgf@pathmaxy=\dimen177
\pgf@xx=\dimen178
\pgf@xy=\dimen179
\pgf@yx=\dimen180
\pgf@yy=\dimen181
\pgf@zx=\dimen182
\pgf@zy=\dimen183
)
(/usr/share/texlive/texmf-dist/tex/generic/pgf/basiclayer/pgfcorepathconstruct.
code.tex
File: pgfcorepathconstruct.code.tex 2013/10/07  (rcs-revision 1.29)
\pgf@path@lastx=\dimen184
\pgf@path@lasty=\dimen185
)
(/usr/share/texlive/texmf-dist/tex/generic/pgf/basiclayer/pgfcorepathusage.code
.tex
File: pgfcorepathusage.code.tex 2014/11/02  (rcs-revision 1.24)
\pgf@shorten@end@additional=\dimen186
\pgf@shorten@start@additional=\dimen187
)
(/usr/share/texlive/texmf-dist/tex/generic/pgf/basiclayer/pgfcorescopes.code.te
x
File: pgfcorescopes.code.tex 2015/05/08  (rcs-revision 1.46)
\pgfpic=\box83
\pgf@hbox=\box84
\pgf@layerbox@main=\box85
\pgf@picture@serial@count=\count159
)
(/usr/share/texlive/texmf-dist/tex/generic/pgf/basiclayer/pgfcoregraphicstate.c
ode.tex
File: pgfcoregraphicstate.code.tex 2014/11/02  (rcs-revision 1.12)
\pgflinewidth=\dimen188
)
(/usr/share/texlive/texmf-dist/tex/generic/pgf/basiclayer/pgfcoretransformation
s.code.tex
File: pgfcoretransformations.code.tex 2015/08/07  (rcs-revision 1.20)
\pgf@pt@x=\dimen189
\pgf@pt@y=\dimen190
\pgf@pt@temp=\dimen191
)
(/usr/share/texlive/texmf-dist/tex/generic/pgf/basiclayer/pgfcorequick.code.tex
File: pgfcorequick.code.tex 2008/10/09  (rcs-revision 1.3)
)
(/usr/share/texlive/texmf-dist/tex/generic/pgf/basiclayer/pgfcoreobjects.code.t
ex
File: pgfcoreobjects.code.tex 2006/10/11  (rcs-revision 1.2)
)
(/usr/share/texlive/texmf-dist/tex/generic/pgf/basiclayer/pgfcorepathprocessing
.code.tex
File: pgfcorepathprocessing.code.tex 2013/09/09  (rcs-revision 1.9)
)
(/usr/share/texlive/texmf-dist/tex/generic/pgf/basiclayer/pgfcorearrows.code.te
x
File: pgfcorearrows.code.tex 2015/05/14  (rcs-revision 1.43)
\pgfarrowsep=\dimen192
)
(/usr/share/texlive/texmf-dist/tex/generic/pgf/basiclayer/pgfcoreshade.code.tex
File: pgfcoreshade.code.tex 2013/07/15  (rcs-revision 1.15)
\pgf@max=\dimen193
\pgf@sys@shading@range@num=\count160
)
(/usr/share/texlive/texmf-dist/tex/generic/pgf/basiclayer/pgfcoreimage.code.tex
File: pgfcoreimage.code.tex 2013/07/15  (rcs-revision 1.18)

(/usr/share/texlive/texmf-dist/tex/generic/pgf/basiclayer/pgfcoreexternal.code.
tex
File: pgfcoreexternal.code.tex 2014/07/09  (rcs-revision 1.21)
\pgfexternal@startupbox=\box86
))
(/usr/share/texlive/texmf-dist/tex/generic/pgf/basiclayer/pgfcorelayers.code.te
x
File: pgfcorelayers.code.tex 2013/07/18  (rcs-revision 1.7)
)
(/usr/share/texlive/texmf-dist/tex/generic/pgf/basiclayer/pgfcoretransparency.c
ode.tex
File: pgfcoretransparency.code.tex 2013/09/30  (rcs-revision 1.5)
)
(/usr/share/texlive/texmf-dist/tex/generic/pgf/basiclayer/pgfcorepatterns.code.
tex
File: pgfcorepatterns.code.tex 2013/11/07  (rcs-revision 1.5)
)))
(/usr/share/texlive/texmf-dist/tex/generic/pgf/modules/pgfmoduleshapes.code.tex
File: pgfmoduleshapes.code.tex 2014/03/21  (rcs-revision 1.35)
\pgfnodeparttextbox=\box87
) (/usr/share/texlive/texmf-dist/tex/generic/pgf/modules/pgfmoduleplot.code.tex
File: pgfmoduleplot.code.tex 2015/08/03  (rcs-revision 1.13)
)
(/usr/share/texlive/texmf-dist/tex/latex/pgf/compatibility/pgfcomp-version-0-65
.sty
Package: pgfcomp-version-0-65 2007/07/03 v3.0.1a (rcs-revision 1.7)
\pgf@nodesepstart=\dimen194
\pgf@nodesepend=\dimen195
)
(/usr/share/texlive/texmf-dist/tex/latex/pgf/compatibility/pgfcomp-version-1-18
.sty
Package: pgfcomp-version-1-18 2007/07/23 v3.0.1a (rcs-revision 1.1)
)) (/usr/share/texlive/texmf-dist/tex/latex/pgf/utilities/pgffor.sty
(/usr/share/texlive/texmf-dist/tex/latex/pgf/math/pgfmath.sty
(/usr/share/texlive/texmf-dist/tex/generic/pgf/math/pgfmath.code.tex))
(/usr/share/texlive/texmf-dist/tex/generic/pgf/utilities/pgffor.code.tex
Package: pgffor 2013/12/13 v3.0.1a (rcs-revision 1.25)

(/usr/share/texlive/texmf-dist/tex/generic/pgf/math/pgfmath.code.tex)
\pgffor@iter=\dimen196
\pgffor@skip=\dimen197
\pgffor@stack=\toks29
\pgffor@toks=\toks30
))
(/usr/share/texlive/texmf-dist/tex/generic/pgf/frontendlayer/tikz/tikz.code.tex
Package: tikz 2015/08/07 v3.0.1a (rcs-revision 1.151)

(/usr/share/texlive/texmf-dist/tex/generic/pgf/libraries/pgflibraryplothandlers
.code.tex
File: pgflibraryplothandlers.code.tex 2013/08/31 v3.0.1a (rcs-revision 1.20)
\pgf@plot@mark@count=\count161
\pgfplotmarksize=\dimen198
)
\tikz@lastx=\dimen199
\tikz@lasty=\dimen256
\tikz@lastxsaved=\dimen257
\tikz@lastysaved=\dimen258
\tikzleveldistance=\dimen259
\tikzsiblingdistance=\dimen260
\tikz@figbox=\box88
\tikz@figbox@bg=\box89
\tikz@tempbox=\box90
\tikz@tempbox@bg=\box91
\tikztreelevel=\count162
\tikznumberofchildren=\count163
\tikznumberofcurrentchild=\count164
\tikz@fig@count=\count165

(/usr/share/texlive/texmf-dist/tex/generic/pgf/modules/pgfmodulematrix.code.tex
File: pgfmodulematrix.code.tex 2013/09/17  (rcs-revision 1.8)
\pgfmatrixcurrentrow=\count166
\pgfmatrixcurrentcolumn=\count167
\pgf@matrix@numberofcolumns=\count168
)
\tikz@expandcount=\count169

(/usr/share/texlive/texmf-dist/tex/generic/pgf/frontendlayer/tikz/libraries/tik
zlibrarytopaths.code.tex
File: tikzlibrarytopaths.code.tex 2008/06/17 v3.0.1a (rcs-revision 1.2)
)))
\c@Mevaluate=\count170
\c@Mmodulo=\count171
\c@Mmax=\count172
\c@Mmin=\count173
\c@Mfirst=\count174
\c@Mxpos=\count175
\c@Mypos=\count176
\c@Mclef=\count177
\c@Mkey=\count178
\MWidth=\skip56
\MHeight=\skip57
\c@aux=\count179
)
(/usr/share/texlive/texmf-dist/tex/latex/musixtex/musixtex.sty
(/usr/share/texlive/texmf-dist/tex/generic/musixtex/musixtex.tex
MusiXTeX(c) 1.25 <2017-07-25>
\n@i=\count180
\n@ii=\count181
\n@iii=\count182
\n@iv=\count183
\n@v=\count184
\n@vi=\count185
\n@vii=\count186
\n@viii=\count187
\count@=\count188
\toks@box=\box92
\w@rkbox=\box93
\n@otebox=\box94
\y@=\dimen261
\y@i=\dimen262
\y@ii=\dimen263
\y@iii=\dimen264
\y@iv=\dimen265
\y@v=\dimen266
\group@no=\count189
\interinstrument=\dimen267
\N@s=\count190
\s@Y=\dimen268
\lin@pos=\dimen269
\meet@minus@n@iv=\count191
\interbeam=\dimen270
\b@amthick=\dimen271
\Interligne=\dimen272
\Internote=\dimen273
\ch@box=\box95
\musicsize=\count192
\qd@skip=\dimen274
\qn@width=\dimen275
\wn@width=\dimen276
\txt@ff=\skip58
\s@indent=\skip59
\big@spc=\skip60
\lthick=\dimen277
\afterruleskip=\skip61
\staffbotmarg=\dimen278
\stafftopmarg=\dimen279
\line@width=\dimen280
\interportee=\dimen281
\noport@@=\count193
\noinstrum@nt=\count194
\altportee=\dimen282
\systemheight=\dimen283
\altplancher=\dimen284
\instrum@in@group=\skip62
\boxitsep=\skip63
\barsinpi@c@=\count195
\barno=\count196
\startbarno=\count197
\sign@skip=\dimen285
\maxsign@skip=\dimen286
\x@skip=\dimen287
\n@skip=\dimen288
\beforeruleskip=\skip64
\widthtyp@=\count198
\lastbarno=\count199
\cut@v=\skip65
\init@volta@pos=\skip66
\volta@startcor=\skip67
\volta@endcor=\skip68
\writ@volta@box=\box96
\barsinlin@=\count266
\maxbarsinlin@=\count267
\lastbarpos=\skip69
\ut@ref=\count268
\meterskip=\skip70
\t@c=\toks31
\clef@skip=\skip71
\noteskip=\dimen289
\transpose=\count269
\normaltranspose=\count270
\locx@skip=\dimen290
\elemskip=\dimen291
\@l@mskip=\dimen292
\inh@alt=\count271
\st@bot=\dimen293
\st@top=\dimen294
\stem@skip=\dimen295
\s@lope=\dimen296
\y@vi=\dimen297
\lift@rest=\dimen298
\accshift=\skip72
\@icresc=\skip73
\pdl@pos=\dimen299
\bigwedgebox=\box97
\@itrillei=\skip74
\@itrilleii=\skip75
\@itrilleiii=\skip76
\@itrilleiv=\skip77
\@itrillev=\skip78
\@itrillevi=\skip79
\tr@number=\count272
\tr@nspose=\count273
\o@swz=\toks32
\o@number=\count274
\y@vii=\dimen300
\y@viii=\dimen301
\y@ix=\dimen302
\tuptxtb@x=\box98
\notes@open=\count275
\k@ii=\skip80
\i@ni=\dimen303
\b@xi=\dimen304
\b@zi=\dimen305
\c@xi=\dimen306
\c@zi=\skip81
\d@xi=\dimen307
\d@zi=\skip82
\e@xi=\dimen308
\e@zi=\skip83
\b@pi=\count276
\b@ni=\count277
\n@pi=\count278
\a@si=\count279
\o@si=\count280
\a@ci=\toks33
\o@ci=\toks34
\m@ti=\toks35
\k@iii=\skip84
\i@nii=\dimen309
\b@xii=\dimen310
\b@zii=\dimen311
\c@xii=\dimen312
\c@zii=\skip85
\d@xii=\dimen313
\d@zii=\skip86
\e@xii=\dimen314
\e@zii=\skip87
\b@pii=\count281
\b@nii=\count282
\n@pii=\count283
\a@sii=\count284
\o@sii=\count285
\a@cii=\toks36
\o@cii=\toks37
\m@tii=\toks38
\k@iiii=\skip88
\i@niii=\dimen315
\b@xiii=\dimen316
\b@ziii=\dimen317
\c@xiii=\dimen318
\c@ziii=\skip89
\d@xiii=\dimen319
\d@ziii=\skip90
\e@xiii=\dimen320
\e@ziii=\skip91
\b@piii=\count286
\b@niii=\count287
\n@piii=\count288
\a@siii=\count289
\o@siii=\count290
\a@ciii=\toks39
\o@ciii=\toks40
\m@tiii=\toks41
\k@iiv=\skip92
\i@niv=\dimen321
\b@xiv=\dimen322
\b@ziv=\dimen323
\c@xiv=\dimen324
\c@ziv=\skip93
\d@xiv=\dimen325
\d@ziv=\skip94
\e@xiv=\dimen326
\e@ziv=\skip95
\b@piv=\count291
\b@niv=\count292
\n@piv=\count293
\a@siv=\count294
\o@siv=\count295
\a@civ=\toks42
\o@civ=\toks43
\m@tiv=\toks44
\k@iv=\skip96
\i@nv=\dimen327
\b@xv=\dimen328
\b@zv=\dimen329
\c@xv=\dimen330
\c@zv=\skip97
\d@xv=\dimen331
\d@zv=\skip98
\e@xv=\dimen332
\e@zv=\skip99
\b@pv=\count296
\b@nv=\count297
\n@pv=\count298
\a@sv=\count299
\o@sv=\count300
\a@cv=\toks45
\o@cv=\toks46
\m@tv=\toks47
\k@ivi=\skip100
\i@nvi=\dimen333
\b@xvi=\dimen334
\b@zvi=\dimen335
\c@xvi=\dimen336
\c@zvi=\skip101
\d@xvi=\dimen337
\d@zvi=\skip102
\e@xvi=\dimen338
\e@zvi=\skip103
\b@pvi=\count301
\b@nvi=\count302
\n@pvi=\count303
\a@svi=\count304
\o@svi=\count305
\a@cvi=\toks48
\o@cvi=\toks49
\m@tvi=\toks50
maxinstruments=6
\f@xi=\dimen339
\f@zi=\skip104
\f@xii=\dimen340
\f@zii=\skip105
\f@xiii=\dimen341
\f@ziii=\skip106
\f@xiv=\dimen342
\f@ziv=\skip107
\f@xv=\dimen343
\f@zv=\skip108
\f@xvi=\dimen344
\f@zvi=\skip109
 max128beams=6
\g@bi=\skip110
\g@hi=\skip111
\g@bii=\skip112
\g@hii=\skip113
\g@biii=\skip114
\g@hiii=\skip115
 maxgroups=3
\s@xi=\dimen345
\s@si=\toks51
\s@Yi=\dimen346
\s@ai=\skip116
\s@yi=\count306
\s@Ni=\count307
\s@zi=\count308
\s@di=\toks52
\s@xii=\dimen347
\s@sii=\toks53
\s@Yii=\dimen348
\s@aii=\skip117
\s@yii=\count309
\s@Nii=\count310
\s@zii=\count311
\s@dii=\toks54
\s@xiii=\dimen349
\s@siii=\toks55
\s@Yiii=\dimen350
\s@aiii=\skip118
\s@yiii=\count312
\s@Niii=\count313
\s@ziii=\count314
\s@diii=\toks56
\s@xiv=\dimen351
\s@siv=\toks57
\s@Yiv=\dimen352
\s@aiv=\skip119
\s@yiv=\count315
\s@Niv=\count316
\s@ziv=\count317
\s@div=\toks58
\s@xv=\dimen353
\s@sv=\toks59
\s@Yv=\dimen354
\s@av=\skip120
\s@yv=\count318
\s@Nv=\count319
\s@zv=\count320
\s@dv=\toks60
\s@xvi=\dimen355
\s@svi=\toks61
\s@Yvi=\dimen356
\s@avi=\skip121
\s@yvi=\count321
\s@Nvi=\count322
\s@zvi=\count323
\s@dvi=\toks62
 maxslurs=6
\tr@xi=\skip122
\tr@swi=\toks63
\tr@yi=\skip123
\tr@xii=\skip124
\tr@swii=\toks64
\tr@yii=\skip125
\tr@xiii=\skip126
\tr@swiii=\toks65
\tr@yiii=\skip127
\tr@xiv=\skip128
\tr@swiv=\toks66
\tr@yiv=\skip129
\tr@xv=\skip130
\tr@swv=\toks67
\tr@yv=\skip131
\tr@xvi=\skip132
\tr@swvi=\toks68
\tr@yvi=\skip133
 maxtrills=6
\o@xi=\skip134
\o@yi=\skip135
\o@swi=\toks69
\o@xii=\skip136
\o@yii=\skip137
\o@swii=\toks70
\o@xiii=\skip138
\o@yiii=\skip139
\o@swiii=\toks71
\o@xiv=\skip140
\o@yiv=\skip141
\o@swiv=\toks72
\o@xv=\skip142
\o@yv=\skip143
\o@swv=\toks73
\o@xvi=\skip144
\o@yvi=\skip145
\o@swvi=\toks74

maxoctlines=6
\outmux=\write4
\mulooseness=\count324
\linegoal=\count325
\l@eftrightbox=\box99
\inmux=\read3
) (/usr/share/texlive/texmf-dist/tex/latex/musixtex/musixltx.tex
MusiXLaTeX T.125 <8 April 2017>
))
Package translations Info: No language package found. I am going to use `englis
h' as default language. on input line 20.
 (files/main.aux)
\openout1 = `main.aux'.

LaTeX Font Info:    Checking defaults for OML/cmm/m/it on input line 20.
LaTeX Font Info:    ... okay on input line 20.
LaTeX Font Info:    Checking defaults for T1/cmr/m/n on input line 20.
LaTeX Font Info:    ... okay on input line 20.
LaTeX Font Info:    Checking defaults for OT1/cmr/m/n on input line 20.
LaTeX Font Info:    ... okay on input line 20.
LaTeX Font Info:    Checking defaults for OMS/cmsy/m/n on input line 20.
LaTeX Font Info:    ... okay on input line 20.
LaTeX Font Info:    Checking defaults for TU/lmr/m/n on input line 20.
LaTeX Font Info:    ... okay on input line 20.
LaTeX Font Info:    Checking defaults for OMX/cmex/m/n on input line 20.
LaTeX Font Info:    ... okay on input line 20.
LaTeX Font Info:    Checking defaults for U/cmr/m/n on input line 20.
LaTeX Font Info:    ... okay on input line 20.
LaTeX Font Info:    Checking defaults for PD1/pdf/m/n on input line 20.
LaTeX Font Info:    ... okay on input line 20.
LaTeX Font Info:    Checking defaults for PU/pdf/m/n on input line 20.
LaTeX Font Info:    ... okay on input line 20.
\c@lstlisting=\count326
\AtBeginShipoutBox=\box100
Package hyperref Info: Link coloring OFF on input line 20.

(/usr/share/texlive/texmf-dist/tex/latex/hyperref/nameref.sty
Package: nameref 2016/05/21 v2.44 Cross-referencing by name of section

(/usr/share/texlive/texmf-dist/tex/generic/oberdiek/gettitlestring.sty
Package: gettitlestring 2016/05/16 v1.5 Cleanup title references (HO)
)
\c@section@level=\count327
)
LaTeX Info: Redefining \ref on input line 20.
LaTeX Info: Redefining \pageref on input line 20.
LaTeX Info: Redefining \nameref on input line 20.

(files/main.out) (files/main.out)
\@outlinefile=\write5
\openout5 = `main.out'.


(/usr/share/texlive/texmf-dist/tex/latex/translations/translations-basic-dictio
nary-english.trsl
File: translations-basic-dictionary-english.trsl (english translation file `tra
nslations-basic-dictionary')
)
Package translations Info: loading dictionary `translations-basic-dictionary' f
or `english'. on input line 20.
 ABD: EveryShipout initializing macros
\openout4 = `main.mx1'.

LaTeX Font Info:    Try loading font information for U+msa on input line 23.

(/usr/share/texlive/texmf-dist/tex/latex/amsfonts/umsa.fd
File: umsa.fd 2013/01/14 v3.01 AMS symbols A
)
LaTeX Font Info:    Try loading font information for U+msb on input line 23.

(/usr/share/texlive/texmf-dist/tex/latex/amsfonts/umsb.fd
File: umsb.fd 2013/01/14 v3.01 AMS symbols B
) (files/main.toc
LaTeX Font Info:    Font shape `TU/lmtt/bx/n' in size <10> not available
(Font)              Font shape `TU/lmtt/b/n' tried instead on input line 2.

(/usr/share/texlive/texmf-dist/tex/generic/oberdiek/se-ascii-print.def
File: se-ascii-print.def 2016/05/16 v1.11 stringenc: Printable ASCII characters

)
[1

])
\tf@toc=\write6
\openout6 = `main.toc'.

LaTeX Font Info:    Font shape `TU/lmtt/bx/n' in size <14.4> not available
(Font)              Font shape `TU/lmtt/b/n' tried instead on input line 42.
LaTeX Font Info:    Font shape `U/musix/m/n' will be
(Font)              scaled to size 15.0pt on input line 49.
 [2]
LaTeX Font Info:    Font shape `TU/lmtt/bx/n' in size <12> not available
(Font)              Font shape `TU/lmtt/b/n' tried instead on input line 116.


Package hyperref Warning: Token not allowed in a PDF string (Unicode):
(hyperref)                removing `math shift' on input line 116.


Package hyperref Warning: Token not allowed in a PDF string (Unicode):
(hyperref)                removing `\delimiter' on input line 116.


Package hyperref Warning: Token not allowed in a PDF string (Unicode):
(hyperref)                removing `math shift' on input line 116.


Package hyperref Warning: Token not allowed in a PDF string (Unicode):
(hyperref)                removing `math shift' on input line 146.


Package hyperref Warning: Token not allowed in a PDF string (Unicode):
(hyperref)                removing `\delimiter' on input line 146.


Package hyperref Warning: Token not allowed in a PDF string (Unicode):
(hyperref)                removing `math shift' on input line 146.


Package hyperref Warning: Token not allowed in a PDF string (Unicode):
(hyperref)                removing `math shift' on input line 170.


Package hyperref Warning: Token not allowed in a PDF string (Unicode):
(hyperref)                removing `\delimiter' on input line 170.


Package hyperref Warning: Token not allowed in a PDF string (Unicode):
(hyperref)                removing `math shift' on input line 170.

[3]
Overfull \hbox (9.73668pt too wide) in paragraph at lines 173--174
[]\TU/lmr/m/n/10 Also [][]\TU/lmtt/m/n/10 \TimeSig[1]{}{} []\TU/lmr/m/n/10 will
 produce a \TU/lmr/m/it/10 common time \TU/lmr/m/n/10 symbol and [][]\TU/lmtt/m
/n/10 \TimeSig[2]{}{}

\hbox(7.16+2.28998)x345.0, glue set - 1.0 []


Package hyperref Warning: Token not allowed in a PDF string (Unicode):
(hyperref)                removing `math shift' on input line 192.


Package hyperref Warning: Token not allowed in a PDF string (Unicode):
(hyperref)                removing `\delimiter' on input line 192.


Package hyperref Warning: Token not allowed in a PDF string (Unicode):
(hyperref)                removing `math shift' on input line 192.


Package hyperref Warning: Token not allowed in a PDF string (Unicode):
(hyperref)                removing `math shift' on input line 221.


Package hyperref Warning: Token not allowed in a PDF string (Unicode):
(hyperref)                removing `\delimiter' on input line 221.


Package hyperref Warning: Token not allowed in a PDF string (Unicode):
(hyperref)                removing `math shift' on input line 221.

[4]

Package hyperref Warning: Token not allowed in a PDF string (Unicode):
(hyperref)                removing `math shift' on input line 241.


Package hyperref Warning: Token not allowed in a PDF string (Unicode):
(hyperref)                removing `\delimiter' on input line 241.


Package hyperref Warning: Token not allowed in a PDF string (Unicode):
(hyperref)                removing `math shift' on input line 241.


Package hyperref Warning: Token not allowed in a PDF string (Unicode):
(hyperref)                removing `math shift' on input line 254.


Package hyperref Warning: Token not allowed in a PDF string (Unicode):
(hyperref)                removing `\delimiter' on input line 254.


Package hyperref Warning: Token not allowed in a PDF string (Unicode):
(hyperref)                removing `math shift' on input line 254.


Package hyperref Warning: Token not allowed in a PDF string (Unicode):
(hyperref)                removing `math shift' on input line 280.


Package hyperref Warning: Token not allowed in a PDF string (Unicode):
(hyperref)                removing `\delimiter' on input line 280.


Package hyperref Warning: Token not allowed in a PDF string (Unicode):
(hyperref)                removing `math shift' on input line 280.

[5]

Package hyperref Warning: Token not allowed in a PDF string (Unicode):
(hyperref)                removing `math shift' on input line 351.


Package hyperref Warning: Token not allowed in a PDF string (Unicode):
(hyperref)                removing `\delimiter' on input line 351.


Package hyperref Warning: Token not allowed in a PDF string (Unicode):
(hyperref)                removing `math shift' on input line 351.


Package hyperref Warning: Token not allowed in a PDF string (Unicode):
(hyperref)                removing `math shift' on input line 385.


Package hyperref Warning: Token not allowed in a PDF string (Unicode):
(hyperref)                removing `\delimiter' on input line 385.


Package hyperref Warning: Token not allowed in a PDF string (Unicode):
(hyperref)                removing `math shift' on input line 385.

[6]

Package hyperref Warning: Token not allowed in a PDF string (Unicode):
(hyperref)                removing `math shift' on input line 408.


Package hyperref Warning: Token not allowed in a PDF string (Unicode):
(hyperref)                removing `\delimiter' on input line 408.


Package hyperref Warning: Token not allowed in a PDF string (Unicode):
(hyperref)                removing `math shift' on input line 408.

[7]

Package hyperref Warning: Token not allowed in a PDF string (Unicode):
(hyperref)                removing `math shift' on input line 458.


Package hyperref Warning: Token not allowed in a PDF string (Unicode):
(hyperref)                removing `\delimiter' on input line 458.


Package hyperref Warning: Token not allowed in a PDF string (Unicode):
(hyperref)                removing `math shift' on input line 458.

(/usr/share/texlive/texmf-dist/tex/latex/listings/lstlang1.sty
File: lstlang1.sty 2015/06/04 1.6 listings language file
)
(/usr/share/texlive/texmf-dist/tex/latex/listings/lstlang2.sty
File: lstlang2.sty 2015/06/04 1.6 listings language file
)
(/usr/share/texlive/texmf-dist/tex/latex/listings/lstlang3.sty
File: lstlang3.sty 2015/06/04 1.6 listings language file
)
(/usr/share/texlive/texmf-dist/tex/latex/listings/lstlang1.sty
File: lstlang1.sty 2015/06/04 1.6 listings language file
)
(/usr/share/texlive/texmf-dist/tex/latex/listings/lstlang2.sty
File: lstlang2.sty 2015/06/04 1.6 listings language file
)
(/usr/share/texlive/texmf-dist/tex/latex/listings/lstlang3.sty
File: lstlang3.sty 2015/06/04 1.6 listings language file
)
(/usr/share/texlive/texmf-dist/tex/latex/listings/lstlang1.sty
File: lstlang1.sty 2015/06/04 1.6 listings language file
)
(/usr/share/texlive/texmf-dist/tex/latex/listings/lstlang2.sty
File: lstlang2.sty 2015/06/04 1.6 listings language file
)
(/usr/share/texlive/texmf-dist/tex/latex/listings/lstlang3.sty
File: lstlang3.sty 2015/06/04 1.6 listings language file
)
(/usr/share/texlive/texmf-dist/tex/latex/listings/lstmisc.sty
File: lstmisc.sty 2015/06/04 1.6 (Carsten Heinz)
) (./mousik.sty
[8]
Overfull \hbox (30.24pt too wide) in paragraph at lines 7--9
[][][][][][] 

\hbox(6.64996+2.85002)x345.0 []


Overfull \hbox (30.24pt too wide) in paragraph at lines 40--42
[][][][][] 

\hbox(6.64996+2.85002)x345.0 []

[9] [10]
Overfull \hbox (30.24pt too wide) in paragraph at lines 134--136
[][][][][] 

\hbox(6.64996+2.85002)x345.0 []


Overfull \hbox (107.28923pt too wide) in paragraph at lines 138--140
[][][][][][][][][][][][][][][][][][][][][][][][][][][][][][][][] 

\hbox(6.64996+2.85002)x345.0 []


Overfull \hbox (124.64108pt too wide) in paragraph at lines 142--143
[][][][][][][][][][][][][][][][][][][][][][][][][][][][][][][][][][] 

\hbox(6.64996+2.85002)x345.0 []


Overfull \hbox (131.24908pt too wide) in paragraph at lines 143--144
[][][][][][][][][][][][][][][][][][][][][][][][][][][][][][][][][][][] 

\hbox(6.64996+2.85002)x345.0 []


Overfull \hbox (106.09433pt too wide) in paragraph at lines 161--162
[][][][][][][][][][][][][][][][][][][][][][][][][] 

\hbox(6.64996+2.85002)x345.0 []


Overfull \hbox (106.09433pt too wide) in paragraph at lines 166--167
[][][][][][][][][][][][][][][][][][][][][][][][] 

\hbox(6.64996+2.85002)x345.0 []


Overfull \hbox (131.0717pt too wide) in paragraph at lines 172--174
[][][][][][][][][][][][][][][][][][][][][][][][][] 

\hbox(6.64996+2.85002)x345.0 []

[11]
Overfull \hbox (179.23175pt too wide) in paragraph at lines 175--177
[][][][][][][][][][][][][][][][][][][][][][][][][][] 

\hbox(6.64996+2.85002)x345.0 []


Overfull \hbox (190.75653pt too wide) in paragraph at lines 180--181
[][][][][][][][][][][][][][][][][][][][][][][][] 

\hbox(6.64996+2.85002)x345.0 []


Overfull \hbox (219.92764pt too wide) in paragraph at lines 181--182
[][][][][][][][][][][][][][][][][][][][][][][][][][][][][][][][] 

\hbox(6.64996+2.85002)x345.0 []


Overfull \hbox (212.46852pt too wide) in paragraph at lines 185--186
[][][][][][][][][][][][][][][][][][][][][][][][][] 

\hbox(6.64996+2.85002)x345.0 []


Overfull \hbox (219.92764pt too wide) in paragraph at lines 186--187
[][][][][][][][][][][][][][][][][][][][][][][][][][][][][][][] 

\hbox(6.64996+2.85002)x345.0 []


Overfull \hbox (184.15497pt too wide) in paragraph at lines 194--195
[][][][][][][][][][][][][][][][][][][][][][][][] 

\hbox(6.64996+2.85002)x345.0 []


Overfull \hbox (259.59169pt too wide) in paragraph at lines 195--196
[][][][][][][][][][][][][][][][][][][][][][][][][][][][][][][][] 

\hbox(6.64996+2.85002)x345.0 []


Overfull \hbox (179.90697pt too wide) in paragraph at lines 199--200
[][][][][][][][][][][][][][][][][][][][][][][][][] 

\hbox(6.64996+2.85002)x345.0 []


Overfull \hbox (259.59169pt too wide) in paragraph at lines 200--201
[][][][][][][][][][][][][][][][][][][][][][][][][][][][][][][] 

\hbox(6.64996+2.85002)x345.0 []


Overfull \hbox (11.38235pt too wide) in paragraph at lines 206--207
[][][][][][][][][][][][][][][][][][][][][][][][] 

\hbox(6.64996+2.85002)x345.0 []

[12]
Overfull \hbox (44.66716pt too wide) in paragraph at lines 259--260
[][][][][][][][][][][][][][][][][][][][][][][][][] 

\hbox(6.64996+2.85002)x345.0 []


Overfull \hbox (44.66716pt too wide) in paragraph at lines 261--262
[][][][][][][][][][][][][][][][][][][][][][][][][] 

\hbox(6.64996+2.85002)x345.0 []


Overfull \hbox (46.29916pt too wide) in paragraph at lines 263--264
[][][][][][][][][][][][][][][][][][][][][][][][][] 

\hbox(6.64996+2.85002)x345.0 []


Overfull \hbox (21.75827pt too wide) in paragraph at lines 283--284
[][][][][][][][][][][][][][][][][][][][][][][][][][][] 

\hbox(6.64996+2.85002)x345.0 []

[13] [14] [15]
Overfull \hbox (30.24pt too wide) in paragraph at lines 418--420
[][][][][] 

\hbox(6.64996+2.85002)x345.0 []

[16] [17] [18] [19]
Overfull \hbox (30.24pt too wide) in paragraph at lines 662--664
[][][][][] 

\hbox(6.64996+2.85002)x345.0 []


Overfull \hbox (9.7632pt too wide) in paragraph at lines 684--685
[][][][][][][][][][][][][][][][][][][][] 

\hbox(6.64996+2.85002)x345.0 []


Overfull \hbox (9.75679pt too wide) in paragraph at lines 685--686
[][][][][][][][][][][][][][][][][][][][][] 

\hbox(6.64996+2.85002)x345.0 []

[20]
Overfull \hbox (9.7632pt too wide) in paragraph at lines 692--693
[][][][][][][][][][][][][][][][][][][][] 

\hbox(6.64996+2.85002)x345.0 []


Overfull \hbox (65.71971pt too wide) in paragraph at lines 693--694
[][][][][][][][][][][][][][][][][][][][][][][][][][][][] 

\hbox(6.64996+2.85002)x345.0 []


Overfull \hbox (0.87027pt too wide) in paragraph at lines 708--709
[][][][][][][][][][][][][][][][][][][][][][] 

\hbox(6.64996+2.85002)x345.0 []


Overfull \hbox (24.1631pt too wide) in paragraph at lines 709--710
[][][][][][][][][][][][][][][][][][][][][] 

\hbox(6.64996+2.85002)x345.0 []


Overfull \hbox (80.11961pt too wide) in paragraph at lines 710--711
[][][][][][][][][][][][][][][][][][][][][][][][][][][] 

\hbox(6.64996+2.85002)x345.0 []


Overfull \hbox (80.11961pt too wide) in paragraph at lines 713--714
[][][][][][][][][][][][][][][][][][][][][][][][][][][][] 

\hbox(6.64996+2.85002)x345.0 []


Overfull \hbox (0.86707pt too wide) in paragraph at lines 714--715
[][][][][][][][][][][][][][][][][][][][][][] 

\hbox(6.64996+2.85002)x345.0 []


Overfull \hbox (24.1567pt too wide) in paragraph at lines 715--716
[][][][][][][][][][][][][][][][][][][][][] 

\hbox(6.64996+2.85002)x345.0 []


Overfull \hbox (0.87027pt too wide) in paragraph at lines 718--719
[][][][][][][][][][][][][][][][][][][][][][] 

\hbox(6.64996+2.85002)x345.0 []


Overfull \hbox (24.1631pt too wide) in paragraph at lines 719--720
[][][][][][][][][][][][][][][][][][][][][] 

\hbox(6.64996+2.85002)x345.0 []


Overfull \hbox (80.11961pt too wide) in paragraph at lines 720--721
[][][][][][][][][][][][][][][][][][][][][][][][][][][] 

\hbox(6.64996+2.85002)x345.0 []


Overfull \hbox (0.86707pt too wide) in paragraph at lines 721--722
[][][][][][][][][][][][][][][][][][][][][][][] 

\hbox(6.64996+2.85002)x345.0 []


Overfull \hbox (24.1567pt too wide) in paragraph at lines 722--723
[][][][][][][][][][][][][][][][][][][][] 

\hbox(6.64996+2.85002)x345.0 []

) [21]
Package atveryend Info: Empty hook `BeforeClearDocument' on input line 545.
Package atveryend Info: Empty hook `AfterLastShipout' on input line 545.
 (files/main.aux)
Package atveryend Info: Empty hook `AtVeryEndDocument' on input line 545.
Package atveryend Info: Empty hook `AtEndAfterFileList' on input line 545.
Package atveryend Info: Empty hook `AtVeryVeryEnd' on input line 545.
 ) 
Here is how much of TeX's memory you used:
 31903 strings out of 494979
 566875 string characters out of 6178170
 694376 words of memory out of 5000000
 35266 multiletter control sequences out of 15000+600000
 48521 words of font info for 194 fonts, out of 8000000 for 9000
 14 hyphenation exceptions out of 8191
 68i,11n,67p,10359b,2805s stack positions out of 5000i,500n,10000p,200000b,80000s

Output written on files/main.pdf (21 pages).
